Archive member included to satisfy reference by file (symbol)

c:/st/stm32cubeide_1.10.1/stm32cubeide/plugins/com.st.stm32cube.ide.mcu.externaltools.gnu-tools-for-stm32.10.3-2021.10.win32_1.0.0.202111181127/tools/bin/../lib/gcc/arm-none-eabi/10.3.1/../../../../arm-none-eabi/lib/thumb/v7-m/nofp\libc_nano.a(lib_a-errno.o)
                              ./Core/Src/syscalls.o (__errno)
c:/st/stm32cubeide_1.10.1/stm32cubeide/plugins/com.st.stm32cube.ide.mcu.externaltools.gnu-tools-for-stm32.10.3-2021.10.win32_1.0.0.202111181127/tools/bin/../lib/gcc/arm-none-eabi/10.3.1/../../../../arm-none-eabi/lib/thumb/v7-m/nofp\libc_nano.a(lib_a-exit.o)
                              c:/st/stm32cubeide_1.10.1/stm32cubeide/plugins/com.st.stm32cube.ide.mcu.externaltools.gnu-tools-for-stm32.10.3-2021.10.win32_1.0.0.202111181127/tools/bin/../lib/gcc/arm-none-eabi/10.3.1/../../../../arm-none-eabi/lib/thumb/v7-m/nofp/crt0.o (exit)
c:/st/stm32cubeide_1.10.1/stm32cubeide/plugins/com.st.stm32cube.ide.mcu.externaltools.gnu-tools-for-stm32.10.3-2021.10.win32_1.0.0.202111181127/tools/bin/../lib/gcc/arm-none-eabi/10.3.1/../../../../arm-none-eabi/lib/thumb/v7-m/nofp\libc_nano.a(lib_a-impure.o)
                              c:/st/stm32cubeide_1.10.1/stm32cubeide/plugins/com.st.stm32cube.ide.mcu.externaltools.gnu-tools-for-stm32.10.3-2021.10.win32_1.0.0.202111181127/tools/bin/../lib/gcc/arm-none-eabi/10.3.1/../../../../arm-none-eabi/lib/thumb/v7-m/nofp\libc_nano.a(lib_a-exit.o) (_global_impure_ptr)
c:/st/stm32cubeide_1.10.1/stm32cubeide/plugins/com.st.stm32cube.ide.mcu.externaltools.gnu-tools-for-stm32.10.3-2021.10.win32_1.0.0.202111181127/tools/bin/../lib/gcc/arm-none-eabi/10.3.1/../../../../arm-none-eabi/lib/thumb/v7-m/nofp\libc_nano.a(lib_a-init.o)
                              c:/st/stm32cubeide_1.10.1/stm32cubeide/plugins/com.st.stm32cube.ide.mcu.externaltools.gnu-tools-for-stm32.10.3-2021.10.win32_1.0.0.202111181127/tools/bin/../lib/gcc/arm-none-eabi/10.3.1/../../../../arm-none-eabi/lib/thumb/v7-m/nofp/crt0.o (__libc_init_array)
c:/st/stm32cubeide_1.10.1/stm32cubeide/plugins/com.st.stm32cube.ide.mcu.externaltools.gnu-tools-for-stm32.10.3-2021.10.win32_1.0.0.202111181127/tools/bin/../lib/gcc/arm-none-eabi/10.3.1/../../../../arm-none-eabi/lib/thumb/v7-m/nofp\libc_nano.a(lib_a-itoa.o)
                              ./Core/Src/uart.o (itoa)
c:/st/stm32cubeide_1.10.1/stm32cubeide/plugins/com.st.stm32cube.ide.mcu.externaltools.gnu-tools-for-stm32.10.3-2021.10.win32_1.0.0.202111181127/tools/bin/../lib/gcc/arm-none-eabi/10.3.1/../../../../arm-none-eabi/lib/thumb/v7-m/nofp\libc_nano.a(lib_a-memset.o)
                              c:/st/stm32cubeide_1.10.1/stm32cubeide/plugins/com.st.stm32cube.ide.mcu.externaltools.gnu-tools-for-stm32.10.3-2021.10.win32_1.0.0.202111181127/tools/bin/../lib/gcc/arm-none-eabi/10.3.1/../../../../arm-none-eabi/lib/thumb/v7-m/nofp/crt0.o (memset)
c:/st/stm32cubeide_1.10.1/stm32cubeide/plugins/com.st.stm32cube.ide.mcu.externaltools.gnu-tools-for-stm32.10.3-2021.10.win32_1.0.0.202111181127/tools/bin/../lib/gcc/arm-none-eabi/10.3.1/../../../../arm-none-eabi/lib/thumb/v7-m/nofp\libc_nano.a(lib_a-utoa.o)
                              c:/st/stm32cubeide_1.10.1/stm32cubeide/plugins/com.st.stm32cube.ide.mcu.externaltools.gnu-tools-for-stm32.10.3-2021.10.win32_1.0.0.202111181127/tools/bin/../lib/gcc/arm-none-eabi/10.3.1/../../../../arm-none-eabi/lib/thumb/v7-m/nofp\libc_nano.a(lib_a-itoa.o) (__utoa)

Discarded input sections

 .text          0x0000000000000000        0x0 c:/st/stm32cubeide_1.10.1/stm32cubeide/plugins/com.st.stm32cube.ide.mcu.externaltools.gnu-tools-for-stm32.10.3-2021.10.win32_1.0.0.202111181127/tools/bin/../lib/gcc/arm-none-eabi/10.3.1/thumb/v7-m/nofp/crti.o
 .data          0x0000000000000000        0x0 c:/st/stm32cubeide_1.10.1/stm32cubeide/plugins/com.st.stm32cube.ide.mcu.externaltools.gnu-tools-for-stm32.10.3-2021.10.win32_1.0.0.202111181127/tools/bin/../lib/gcc/arm-none-eabi/10.3.1/thumb/v7-m/nofp/crti.o
 .bss           0x0000000000000000        0x0 c:/st/stm32cubeide_1.10.1/stm32cubeide/plugins/com.st.stm32cube.ide.mcu.externaltools.gnu-tools-for-stm32.10.3-2021.10.win32_1.0.0.202111181127/tools/bin/../lib/gcc/arm-none-eabi/10.3.1/thumb/v7-m/nofp/crti.o
 .data          0x0000000000000000        0x4 c:/st/stm32cubeide_1.10.1/stm32cubeide/plugins/com.st.stm32cube.ide.mcu.externaltools.gnu-tools-for-stm32.10.3-2021.10.win32_1.0.0.202111181127/tools/bin/../lib/gcc/arm-none-eabi/10.3.1/thumb/v7-m/nofp/crtbegin.o
 .rodata        0x0000000000000000       0x24 c:/st/stm32cubeide_1.10.1/stm32cubeide/plugins/com.st.stm32cube.ide.mcu.externaltools.gnu-tools-for-stm32.10.3-2021.10.win32_1.0.0.202111181127/tools/bin/../lib/gcc/arm-none-eabi/10.3.1/thumb/v7-m/nofp/crtbegin.o
[...]
Memory Configuration

Name             Origin             Length             Attributes
RAM              0x0000000020000000 0x0000000000005000 xrw
FLASH            0x0000000008000000 0x0000000000020000 xr
*default*        0x0000000000000000 0xffffffffffffffff

Linker script and memory map

LOAD c:/st/stm32cubeide_1.10.1/stm32cubeide/plugins/com.st.stm32cube.ide.mcu.externaltools.gnu-tools-for-stm32.10.3-2021.10.win32_1.0.0.202111181127/tools/bin/../lib/gcc/arm-none-eabi/10.3.1/thumb/v7-m/nofp/crti.o
LOAD c:/st/stm32cubeide_1.10.1/stm32cubeide/plugins/com.st.stm32cube.ide.mcu.externaltools.gnu-tools-for-stm32.10.3-2021.10.win32_1.0.0.202111181127/tools/bin/../lib/gcc/arm-none-eabi/10.3.1/thumb/v7-m/nofp/crtbegin.o
LOAD c:/st/stm32cubeide_1.10.1/stm32cubeide/plugins/com.st.stm32cube.ide.mcu.externaltools.gnu-tools-for-stm32.10.3-2021.10.win32_1.0.0.202111181127/tools/bin/../lib/gcc/arm-none-eabi/10.3.1/../../../../arm-none-eabi/lib/thumb/v7-m/nofp/crt0.o
LOAD ./Core/Src/global.o
LOAD ./Core/Src/input_processing.o
LOAD ./Core/Src/input_reading.o
LOAD ./Core/Src/main.o
LOAD ./Core/Src/stm32f1xx_hal_msp.o
LOAD ./Core/Src/stm32f1xx_it.o
LOAD ./Core/Src/syscalls.o
LOAD ./Core/Src/sysmem.o
LOAD ./Core/Src/system_stm32f1xx.o
LOAD ./Core/Src/timer.o
LOAD ./Core/Src/uart.o
LOAD ./Core/Startup/startup_stm32f103rbtx.o
LOAD ./Drivers/STM32F1xx_HAL_Driver/Src/stm32f1xx_hal.o
LOAD ./Drivers/STM32F1xx_HAL_Driver/Src/stm32f1xx_hal_cortex.o
LOAD ./Drivers/STM32F1xx_HAL_Driver/Src/stm32f1xx_hal_dma.o
LOAD ./Drivers/STM32F1xx_HAL_Driver/Src/stm32f1xx_hal_exti.o
LOAD ./Drivers/STM32F1xx_HAL_Driver/Src/stm32f1xx_hal_flash.o
LOAD ./Drivers/STM32F1xx_HAL_Driver/Src/stm32f1xx_hal_flash_ex.o
LOAD ./Drivers/STM32F1xx_HAL_Driver/Src/stm32f1xx_hal_gpio.o
LOAD ./Drivers/STM32F1xx_HAL_Driver/Src/stm32f1xx_hal_gpio_ex.o
LOAD ./Drivers/STM32F1xx_HAL_Driver/Src/stm32f1xx_hal_pwr.o
LOAD ./Drivers/STM32F1xx_HAL_Driver/Src/stm32f1xx_hal_rcc.o
LOAD ./Drivers/STM32F1xx_HAL_Driver/Src/stm32f1xx_hal_rcc_ex.o
LOAD ./Drivers/STM32F1xx_HAL_Driver/Src/stm32f1xx_hal_tim.o
LOAD ./Drivers/STM32F1xx_HAL_Driver/Src/stm32f1xx_hal_tim_ex.o
LOAD ./Drivers/STM32F1xx_HAL_Driver/Src/stm32f1xx_hal_uart.o
START GROUP
LOAD c:/st/stm32cubeide_1.10.1/stm32cubeide/plugins/com.st.stm32cube.ide.mcu.externaltools.gnu-tools-for-stm32.10.3-2021.10.win32_1.0.0.202111181127/tools/bin/../lib/gcc/arm-none-eabi/10.3.1/../../../../arm-none-eabi/lib/thumb/v7-m/nofp\libc_nano.a
LOAD c:/st/stm32cubeide_1.10.1/stm32cubeide/plugins/com.st.stm32cube.ide.mcu.externaltools.gnu-tools-for-stm32.10.3-2021.10.win32_1.0.0.202111181127/tools/bin/../lib/gcc/arm-none-eabi/10.3.1/../../../../arm-none-eabi/lib/thumb/v7-m/nofp\libm.a
END GROUP
START GROUP
LOAD c:/st/stm32cubeide_1.10.1/stm32cubeide/plugins/com.st.stm32cube.ide.mcu.externaltools.gnu-tools-for-stm32.10.3-2021.10.win32_1.0.0.202111181127/tools/bin/../lib/gcc/arm-none-eabi/10.3.1/thumb/v7-m/nofp\libgcc.a
LOAD c:/st/stm32cubeide_1.10.1/stm32cubeide/plugins/com.st.stm32cube.ide.mcu.externaltools.gnu-tools-for-stm32.10.3-2021.10.win32_1.0.0.202111181127/tools/bin/../lib/gcc/arm-none-eabi/10.3.1/../../../../arm-none-eabi/lib/thumb/v7-m/nofp\libc_nano.a
END GROUP
START GROUP
LOAD c:/st/stm32cubeide_1.10.1/stm32cubeide/plugins/com.st.stm32cube.ide.mcu.externaltools.gnu-tools-for-stm32.10.3-2021.10.win32_1.0.0.202111181127/tools/bin/../lib/gcc/arm-none-eabi/10.3.1/thumb/v7-m/nofp\libgcc.a
LOAD c:/st/stm32cubeide_1.10.1/stm32cubeide/plugins/com.st.stm32cube.ide.mcu.externaltools.gnu-tools-for-stm32.10.3-2021.10.win32_1.0.0.202111181127/tools/bin/../lib/gcc/arm-none-eabi/10.3.1/../../../../arm-none-eabi/lib/thumb/v7-m/nofp\libc_nano.a
LOAD c:/st/stm32cubeide_1.10.1/stm32cubeide/plugins/com.st.stm32cube.ide.mcu.externaltools.gnu-tools-for-stm32.10.3-2021.10.win32_1.0.0.202111181127/tools/bin/../lib/gcc/arm-none-eabi/10.3.1/../../../../arm-none-eabi/lib/thumb/v7-m/nofp\libnosys.a
END GROUP
START GROUP
LOAD c:/st/stm32cubeide_1.10.1/stm32cubeide/plugins/com.st.stm32cube.ide.mcu.externaltools.gnu-tools-for-stm32.10.3-2021.10.win32_1.0.0.202111181127/tools/bin/../lib/gcc/arm-none-eabi/10.3.1/thumb/v7-m/nofp\libgcc.a
LOAD c:/st/stm32cubeide_1.10.1/stm32cubeide/plugins/com.st.stm32cube.ide.mcu.externaltools.gnu-tools-for-stm32.10.3-2021.10.win32_1.0.0.202111181127/tools/bin/../lib/gcc/arm-none-eabi/10.3.1/../../../../arm-none-eabi/lib/thumb/v7-m/nofp\libc_nano.a
LOAD c:/st/stm32cubeide_1.10.1/stm32cubeide/plugins/com.st.stm32cube.ide.mcu.externaltools.gnu-tools-for-stm32.10.3-2021.10.win32_1.0.0.202111181127/tools/bin/../lib/gcc/arm-none-eabi/10.3.1/../../../../arm-none-eabi/lib/thumb/v7-m/nofp\libnosys.a
END GROUP
LOAD c:/st/stm32cubeide_1.10.1/stm32cubeide/plugins/com.st.stm32cube.ide.mcu.externaltools.gnu-tools-for-stm32.10.3-2021.10.win32_1.0.0.202111181127/tools/bin/../lib/gcc/arm-none-eabi/10.3.1/thumb/v7-m/nofp/crtend.o
LOAD c:/st/stm32cubeide_1.10.1/stm32cubeide/plugins/com.st.stm32cube.ide.mcu.externaltools.gnu-tools-for-stm32.10.3-2021.10.win32_1.0.0.202111181127/tools/bin/../lib/gcc/arm-none-eabi/10.3.1/thumb/v7-m/nofp/crtn.o
                0x0000000020005000                _estack = (ORIGIN (RAM) + LENGTH (RAM))
                0x0000000000000200                _Min_Heap_Size = 0x200
                0x0000000000000400                _Min_Stack_Size = 0x400

.isr_vector     0x0000000008000000      0x10c
                0x0000000008000000                . = ALIGN (0x4)
 *(.isr_vector)
 .isr_vector    0x0000000008000000      0x10c ./Core/Startup/startup_stm32f103rbtx.o
                0x0000000008000000                g_pfnVectors
                0x000000000800010c                . = ALIGN (0x4)

.text           0x000000000800010c     0x3d8c
                0x000000000800010c                . = ALIGN (0x4)
 *(.text)
 .text          0x000000000800010c       0x40 c:/st/stm32cubeide_1.10.1/stm32cubeide/plugins/com.st.stm32cube.ide.mcu.externaltools.gnu-tools-for-stm32.10.3-2021.10.win32_1.0.0.202111181127/tools/bin/../lib/gcc/arm-none-eabi/10.3.1/thumb/v7-m/nofp/crtbegin.o
 *(.text*)
 .text.display7SEG2
                0x000000000800014c      0x3e0 ./Core/Src/input_processing.o
                0x000000000800014c                display7SEG2
 .text.fsm_traffic_led
                0x000000000800052c      0x154 ./Core/Src/input_processing.o
                0x000000000800052c                fsm_traffic_led
 .text.fsm_changeLed_btn2
                0x0000000008000680      0x19c ./Core/Src/input_processing.o
                0x0000000008000680                fsm_changeLed_btn2
 .text.fsm_changeMode_btn1
                0x000000000800081c       0x98 ./Core/Src/input_processing.o
                0x000000000800081c                fsm_changeMode_btn1
 .text.fsm_modifyTime_btn3
                0x00000000080008b4       0x8c ./Core/Src/input_processing.o
                0x00000000080008b4                fsm_modifyTime_btn3
 .text.updateState
                0x0000000008000940       0x38 ./Core/Src/input_processing.o
                0x0000000008000940                updateState
 .text.led_blink
                0x0000000008000978       0xa4 ./Core/Src/input_processing.o
                0x0000000008000978                led_blink
 .text.fsm_pedestrian_btn4
                0x0000000008000a1c      0x114 ./Core/Src/input_processing.o
                0x0000000008000a1c                fsm_pedestrian_btn4
 .text.fsm_init
                0x0000000008000b30       0x50 ./Core/Src/input_processing.o
                0x0000000008000b30                fsm_init
 .text.button_reading
                0x0000000008000b80      0x118 ./Core/Src/input_reading.o
                0x0000000008000b80                button_reading
 .text.isButtonPressed
                0x0000000008000c98       0x34 ./Core/Src/input_reading.o
                0x0000000008000c98                isButtonPressed
 .text.main     0x0000000008000ccc       0xa0 ./Core/Src/main.o
                0x0000000008000ccc                main
 .text.SystemClock_Config
                0x0000000008000d6c       0x82 ./Core/Src/main.o
                0x0000000008000d6c                SystemClock_Config
 *fill*         0x0000000008000dee        0x2 
 .text.MX_TIM2_Init
                0x0000000008000df0       0x98 ./Core/Src/main.o
 .text.MX_TIM3_Init
                0x0000000008000e88       0xec ./Core/Src/main.o
 .text.MX_USART2_UART_Init
                0x0000000008000f74       0x54 ./Core/Src/main.o
 .text.MX_GPIO_Init
                0x0000000008000fc8       0xe0 ./Core/Src/main.o
 .text.HAL_TIM_PeriodElapsedCallback
                0x00000000080010a8       0x18 ./Core/Src/main.o
                0x00000000080010a8                HAL_TIM_PeriodElapsedCallback
 .text.Error_Handler
                0x00000000080010c0        0xa ./Core/Src/main.o
                0x00000000080010c0                Error_Handler
 *fill*         0x00000000080010ca        0x2 
 .text.HAL_MspInit
                0x00000000080010cc       0x64 ./Core/Src/stm32f1xx_hal_msp.o
                0x00000000080010cc                HAL_MspInit
 .text.HAL_TIM_Base_MspInit
                0x0000000008001130       0x80 ./Core/Src/stm32f1xx_hal_msp.o
                0x0000000008001130                HAL_TIM_Base_MspInit
 .text.HAL_TIM_MspPostInit
                0x00000000080011b0       0x64 ./Core/Src/stm32f1xx_hal_msp.o
                0x00000000080011b0                HAL_TIM_MspPostInit
 .text.HAL_UART_MspInit
                0x0000000008001214       0xa4 ./Core/Src/stm32f1xx_hal_msp.o
                0x0000000008001214                HAL_UART_MspInit
 .text.NMI_Handler
                0x00000000080012b8        0x6 ./Core/Src/stm32f1xx_it.o
                0x00000000080012b8                NMI_Handler
 .text.HardFault_Handler
                0x00000000080012be        0x6 ./Core/Src/stm32f1xx_it.o
                0x00000000080012be                HardFault_Handler
 .text.MemManage_Handler
                0x00000000080012c4        0x6 ./Core/Src/stm32f1xx_it.o
                0x00000000080012c4                MemManage_Handler
 .text.BusFault_Handler
                0x00000000080012ca        0x6 ./Core/Src/stm32f1xx_it.o
                0x00000000080012ca                BusFault_Handler
 .text.UsageFault_Handler
                0x00000000080012d0        0x6 ./Core/Src/stm32f1xx_it.o
                0x00000000080012d0                UsageFault_Handler
 .text.SVC_Handler
                0x00000000080012d6        0xc ./Core/Src/stm32f1xx_it.o
                0x00000000080012d6                SVC_Handler
 .text.DebugMon_Handler
                0x00000000080012e2        0xc ./Core/Src/stm32f1xx_it.o
                0x00000000080012e2                DebugMon_Handler
 .text.PendSV_Handler
                0x00000000080012ee        0xc ./Core/Src/stm32f1xx_it.o
                0x00000000080012ee                PendSV_Handler
 .text.SysTick_Handler
                0x00000000080012fa        0xc ./Core/Src/stm32f1xx_it.o
                0x00000000080012fa                SysTick_Handler
 *fill*         0x0000000008001306        0x2 
 .text.TIM2_IRQHandler
                0x0000000008001308       0x14 ./Core/Src/stm32f1xx_it.o
                0x0000000008001308                TIM2_IRQHandler
 .text.TIM3_IRQHandler
                0x000000000800131c       0x14 ./Core/Src/stm32f1xx_it.o
                0x000000000800131c                TIM3_IRQHandler
 .text.USART2_IRQHandler
                0x0000000008001330       0x14 ./Core/Src/stm32f1xx_it.o
                0x0000000008001330                USART2_IRQHandler
 .text.SystemInit
                0x0000000008001344        0xc ./Core/Src/system_stm32f1xx.o
                0x0000000008001344                SystemInit
 .text.setTimer1
                0x0000000008001350       0x28 ./Core/Src/timer.o
                0x0000000008001350                setTimer1
 .text.setTimer2
                0x0000000008001378       0x28 ./Core/Src/timer.o
                0x0000000008001378                setTimer2
 .text.setTimer3
                0x00000000080013a0       0x28 ./Core/Src/timer.o
                0x00000000080013a0                setTimer3
 .text.timerRun
                0x00000000080013c8       0x94 ./Core/Src/timer.o
                0x00000000080013c8                timerRun
 .text.uart_communiation_fsm
                0x000000000800145c       0x50 ./Core/Src/uart.o
                0x000000000800145c                uart_communiation_fsm
 .text.Reset_Handler
                0x00000000080014ac       0x48 ./Core/Startup/startup_stm32f103rbtx.o
                0x00000000080014ac                Reset_Handler
 .text.Default_Handler
                0x00000000080014f4        0x2 ./Core/Startup/startup_stm32f103rbtx.o
                0x00000000080014f4                RTC_Alarm_IRQHandler
                0x00000000080014f4                EXTI2_IRQHandler
                0x00000000080014f4                TIM1_CC_IRQHandler
                0x00000000080014f4                PVD_IRQHandler
                0x00000000080014f4                EXTI3_IRQHandler
                0x00000000080014f4                EXTI0_IRQHandler
                0x00000000080014f4                I2C2_EV_IRQHandler
                0x00000000080014f4                ADC1_2_IRQHandler
                0x00000000080014f4                SPI1_IRQHandler
                0x00000000080014f4                TAMPER_IRQHandler
                0x00000000080014f4                DMA1_Channel4_IRQHandler
                0x00000000080014f4                USART3_IRQHandler
                0x00000000080014f4                RTC_IRQHandler
                0x00000000080014f4                DMA1_Channel7_IRQHandler
                0x00000000080014f4                CAN1_RX1_IRQHandler
                0x00000000080014f4                TIM4_IRQHandler
                0x00000000080014f4                I2C1_EV_IRQHandler
                0x00000000080014f4                DMA1_Channel6_IRQHandler
                0x00000000080014f4                RCC_IRQHandler
                0x00000000080014f4                TIM1_TRG_COM_IRQHandler
                0x00000000080014f4                DMA1_Channel1_IRQHandler
                0x00000000080014f4                Default_Handler
                0x00000000080014f4                EXTI15_10_IRQHandler
                0x00000000080014f4                EXTI9_5_IRQHandler
                0x00000000080014f4                SPI2_IRQHandler
                0x00000000080014f4                DMA1_Channel5_IRQHandler
                0x00000000080014f4                EXTI4_IRQHandler
                0x00000000080014f4                USB_LP_CAN1_RX0_IRQHandler
                0x00000000080014f4                USB_HP_CAN1_TX_IRQHandler
                0x00000000080014f4                DMA1_Channel3_IRQHandler
                0x00000000080014f4                TIM1_UP_IRQHandler
                0x00000000080014f4                WWDG_IRQHandler
                0x00000000080014f4                TIM1_BRK_IRQHandler
                0x00000000080014f4                EXTI1_IRQHandler
                0x00000000080014f4                I2C2_ER_IRQHandler
                0x00000000080014f4                DMA1_Channel2_IRQHandler
                0x00000000080014f4                CAN1_SCE_IRQHandler
                0x00000000080014f4                FLASH_IRQHandler
                0x00000000080014f4                USART1_IRQHandler
                0x00000000080014f4                I2C1_ER_IRQHandler
                0x00000000080014f4                USBWakeUp_IRQHandler
 *fill*         0x00000000080014f6        0x2 
 .text.HAL_Init
                0x00000000080014f8       0x2c ./Drivers/STM32F1xx_HAL_Driver/Src/stm32f1xx_hal.o
                0x00000000080014f8                HAL_Init
 .text.HAL_InitTick
                0x0000000008001524       0x60 ./Drivers/STM32F1xx_HAL_Driver/Src/stm32f1xx_hal.o
                0x0000000008001524                HAL_InitTick
 .text.HAL_IncTick
                0x0000000008001584       0x24 ./Drivers/STM32F1xx_HAL_Driver/Src/stm32f1xx_hal.o
                0x0000000008001584                HAL_IncTick
 .text.HAL_GetTick
                0x00000000080015a8       0x14 ./Drivers/STM32F1xx_HAL_Driver/Src/stm32f1xx_hal.o
                0x00000000080015a8                HAL_GetTick
 .text.__NVIC_SetPriorityGrouping
                0x00000000080015bc       0x48 ./Drivers/STM32F1xx_HAL_Driver/Src/stm32f1xx_hal_cortex.o
 .text.__NVIC_GetPriorityGrouping
                0x0000000008001604       0x1c ./Drivers/STM32F1xx_HAL_Driver/Src/stm32f1xx_hal_cortex.o
 .text.__NVIC_EnableIRQ
                0x0000000008001620       0x38 ./Drivers/STM32F1xx_HAL_Driver/Src/stm32f1xx_hal_cortex.o
 .text.__NVIC_SetPriority
                0x0000000008001658       0x54 ./Drivers/STM32F1xx_HAL_Driver/Src/stm32f1xx_hal_cortex.o
 .text.NVIC_EncodePriority
                0x00000000080016ac       0x64 ./Drivers/STM32F1xx_HAL_Driver/Src/stm32f1xx_hal_cortex.o
 .text.SysTick_Config
                0x0000000008001710       0x44 ./Drivers/STM32F1xx_HAL_Driver/Src/stm32f1xx_hal_cortex.o
 .text.HAL_NVIC_SetPriorityGrouping
                0x0000000008001754       0x16 ./Drivers/STM32F1xx_HAL_Driver/Src/stm32f1xx_hal_cortex.o
                0x0000000008001754                HAL_NVIC_SetPriorityGrouping
 .text.HAL_NVIC_SetPriority
                0x000000000800176a       0x38 ./Drivers/STM32F1xx_HAL_Driver/Src/stm32f1xx_hal_cortex.o
                0x000000000800176a                HAL_NVIC_SetPriority
 .text.HAL_NVIC_EnableIRQ
                0x00000000080017a2       0x1c ./Drivers/STM32F1xx_HAL_Driver/Src/stm32f1xx_hal_cortex.o
                0x00000000080017a2                HAL_NVIC_EnableIRQ
 .text.HAL_SYSTICK_Config
                0x00000000080017be       0x18 ./Drivers/STM32F1xx_HAL_Driver/Src/stm32f1xx_hal_cortex.o
                0x00000000080017be                HAL_SYSTICK_Config
 .text.HAL_DMA_Abort
                0x00000000080017d6       0x74 ./Drivers/STM32F1xx_HAL_Driver/Src/stm32f1xx_hal_dma.o
                0x00000000080017d6                HAL_DMA_Abort
 *fill*         0x000000000800184a        0x2 
 .text.HAL_DMA_Abort_IT
                0x000000000800184c       0xec ./Drivers/STM32F1xx_HAL_Driver/Src/stm32f1xx_hal_dma.o
                0x000000000800184c                HAL_DMA_Abort_IT
 .text.HAL_GPIO_Init
                0x0000000008001938      0x308 ./Drivers/STM32F1xx_HAL_Driver/Src/stm32f1xx_hal_gpio.o
                0x0000000008001938                HAL_GPIO_Init
 .text.HAL_GPIO_ReadPin
                0x0000000008001c40       0x2e ./Drivers/STM32F1xx_HAL_Driver/Src/stm32f1xx_hal_gpio.o
                0x0000000008001c40                HAL_GPIO_ReadPin
 .text.HAL_GPIO_WritePin
                0x0000000008001c6e       0x30 ./Drivers/STM32F1xx_HAL_Driver/Src/stm32f1xx_hal_gpio.o
                0x0000000008001c6e                HAL_GPIO_WritePin
 .text.HAL_GPIO_TogglePin
                0x0000000008001c9e       0x32 ./Drivers/STM32F1xx_HAL_Driver/Src/stm32f1xx_hal_gpio.o
                0x0000000008001c9e                HAL_GPIO_TogglePin
 .text.HAL_RCC_OscConfig
                0x0000000008001cd0      0x504 ./Drivers/STM32F1xx_HAL_Driver/Src/stm32f1xx_hal_rcc.o
                0x0000000008001cd0                HAL_RCC_OscConfig
 .text.HAL_RCC_ClockConfig
                0x00000000080021d4      0x1d4 ./Drivers/STM32F1xx_HAL_Driver/Src/stm32f1xx_hal_rcc.o
                0x00000000080021d4                HAL_RCC_ClockConfig
 .text.HAL_RCC_GetSysClockFreq
                0x00000000080023a8       0xbc ./Drivers/STM32F1xx_HAL_Driver/Src/stm32f1xx_hal_rcc.o
                0x00000000080023a8                HAL_RCC_GetSysClockFreq
 .text.HAL_RCC_GetHCLKFreq
                0x0000000008002464       0x14 ./Drivers/STM32F1xx_HAL_Driver/Src/stm32f1xx_hal_rcc.o
                0x0000000008002464                HAL_RCC_GetHCLKFreq
 .text.HAL_RCC_GetPCLK1Freq
                0x0000000008002478       0x28 ./Drivers/STM32F1xx_HAL_Driver/Src/stm32f1xx_hal_rcc.o
                0x0000000008002478                HAL_RCC_GetPCLK1Freq
 .text.HAL_RCC_GetPCLK2Freq
                0x00000000080024a0       0x28 ./Drivers/STM32F1xx_HAL_Driver/Src/stm32f1xx_hal_rcc.o
                0x00000000080024a0                HAL_RCC_GetPCLK2Freq
 .text.RCC_Delay
                0x00000000080024c8       0x3c ./Drivers/STM32F1xx_HAL_Driver/Src/stm32f1xx_hal_rcc.o
 .text.HAL_TIM_Base_Init
                0x0000000008002504       0x9e ./Drivers/STM32F1xx_HAL_Driver/Src/stm32f1xx_hal_tim.o
                0x0000000008002504                HAL_TIM_Base_Init
 *fill*         0x00000000080025a2        0x2 
 .text.HAL_TIM_Base_Start_IT
                0x00000000080025a4       0xa4 ./Drivers/STM32F1xx_HAL_Driver/Src/stm32f1xx_hal_tim.o
                0x00000000080025a4                HAL_TIM_Base_Start_IT
 .text.HAL_TIM_PWM_Init
                0x0000000008002648       0x9e ./Drivers/STM32F1xx_HAL_Driver/Src/stm32f1xx_hal_tim.o
                0x0000000008002648                HAL_TIM_PWM_Init
 .text.HAL_TIM_PWM_MspInit
                0x00000000080026e6       0x12 ./Drivers/STM32F1xx_HAL_Driver/Src/stm32f1xx_hal_tim.o
                0x00000000080026e6                HAL_TIM_PWM_MspInit
 .text.HAL_TIM_PWM_Start
                0x00000000080026f8      0x144 ./Drivers/STM32F1xx_HAL_Driver/Src/stm32f1xx_hal_tim.o
                0x00000000080026f8                HAL_TIM_PWM_Start
 .text.HAL_TIM_IRQHandler
                0x000000000800283c      0x210 ./Drivers/STM32F1xx_HAL_Driver/Src/stm32f1xx_hal_tim.o
                0x000000000800283c                HAL_TIM_IRQHandler
 .text.HAL_TIM_PWM_ConfigChannel
                0x0000000008002a4c      0x17c ./Drivers/STM32F1xx_HAL_Driver/Src/stm32f1xx_hal_tim.o
                0x0000000008002a4c                HAL_TIM_PWM_ConfigChannel
 .text.HAL_TIM_ConfigClockSource
                0x0000000008002bc8      0x188 ./Drivers/STM32F1xx_HAL_Driver/Src/stm32f1xx_hal_tim.o
                0x0000000008002bc8                HAL_TIM_ConfigClockSource
 .text.HAL_TIM_OC_DelayElapsedCallback
                0x0000000008002d50       0x12 ./Drivers/STM32F1xx_HAL_Driver/Src/stm32f1xx_hal_tim.o
                0x0000000008002d50                HAL_TIM_OC_DelayElapsedCallback
 .text.HAL_TIM_IC_CaptureCallback
                0x0000000008002d62       0x12 ./Drivers/STM32F1xx_HAL_Driver/Src/stm32f1xx_hal_tim.o
                0x0000000008002d62                HAL_TIM_IC_CaptureCallback
 .text.HAL_TIM_PWM_PulseFinishedCallback
                0x0000000008002d74       0x12 ./Drivers/STM32F1xx_HAL_Driver/Src/stm32f1xx_hal_tim.o
                0x0000000008002d74                HAL_TIM_PWM_PulseFinishedCallback
 .text.HAL_TIM_TriggerCallback
                0x0000000008002d86       0x12 ./Drivers/STM32F1xx_HAL_Driver/Src/stm32f1xx_hal_tim.o
                0x0000000008002d86                HAL_TIM_TriggerCallback
 .text.TIM_Base_SetConfig
                0x0000000008002d98       0xc4 ./Drivers/STM32F1xx_HAL_Driver/Src/stm32f1xx_hal_tim.o
                0x0000000008002d98                TIM_Base_SetConfig
 .text.TIM_OC1_SetConfig
                0x0000000008002e5c       0xcc ./Drivers/STM32F1xx_HAL_Driver/Src/stm32f1xx_hal_tim.o
 .text.TIM_OC2_SetConfig
                0x0000000008002f28       0xd4 ./Drivers/STM32F1xx_HAL_Driver/Src/stm32f1xx_hal_tim.o
                0x0000000008002f28                TIM_OC2_SetConfig
 .text.TIM_OC3_SetConfig
                0x0000000008002ffc       0xd4 ./Drivers/STM32F1xx_HAL_Driver/Src/stm32f1xx_hal_tim.o
 .text.TIM_OC4_SetConfig
                0x00000000080030d0       0x9c ./Drivers/STM32F1xx_HAL_Driver/Src/stm32f1xx_hal_tim.o
 .text.TIM_TI1_ConfigInputStage
                0x000000000800316c       0x5c ./Drivers/STM32F1xx_HAL_Driver/Src/stm32f1xx_hal_tim.o
 .text.TIM_TI2_ConfigInputStage
                0x00000000080031c8       0x5e ./Drivers/STM32F1xx_HAL_Driver/Src/stm32f1xx_hal_tim.o
 .text.TIM_ITRx_SetConfig
                0x0000000008003226       0x34 ./Drivers/STM32F1xx_HAL_Driver/Src/stm32f1xx_hal_tim.o
 .text.TIM_ETR_SetConfig
                0x000000000800325a       0x3e ./Drivers/STM32F1xx_HAL_Driver/Src/stm32f1xx_hal_tim.o
                0x000000000800325a                TIM_ETR_SetConfig
 .text.TIM_CCxChannelCmd
                0x0000000008003298       0x48 ./Drivers/STM32F1xx_HAL_Driver/Src/stm32f1xx_hal_tim.o
                0x0000000008003298                TIM_CCxChannelCmd
 .text.HAL_TIMEx_MasterConfigSynchronization
                0x00000000080032e0       0xbc ./Drivers/STM32F1xx_HAL_Driver/Src/stm32f1xx_hal_tim_ex.o
                0x00000000080032e0                HAL_TIMEx_MasterConfigSynchronization
 .text.HAL_TIMEx_CommutCallback
                0x000000000800339c       0x12 ./Drivers/STM32F1xx_HAL_Driver/Src/stm32f1xx_hal_tim_ex.o
                0x000000000800339c                HAL_TIMEx_CommutCallback
 .text.HAL_TIMEx_BreakCallback
                0x00000000080033ae       0x12 ./Drivers/STM32F1xx_HAL_Driver/Src/stm32f1xx_hal_tim_ex.o
                0x00000000080033ae                HAL_TIMEx_BreakCallback
 .text.HAL_UART_Init
                0x00000000080033c0       0x9a ./Drivers/STM32F1xx_HAL_Driver/Src/stm32f1xx_hal_uart.o
                0x00000000080033c0                HAL_UART_Init
 .text.HAL_UART_Transmit
                0x000000000800345a      0x124 ./Drivers/STM32F1xx_HAL_Driver/Src/stm32f1xx_hal_uart.o
                0x000000000800345a                HAL_UART_Transmit
 *fill*         0x000000000800357e        0x2 
 .text.HAL_UART_IRQHandler
                0x0000000008003580      0x354 ./Drivers/STM32F1xx_HAL_Driver/Src/stm32f1xx_hal_uart.o
                0x0000000008003580                HAL_UART_IRQHandler
 .text.HAL_UART_TxCpltCallback
                0x00000000080038d4       0x12 ./Drivers/STM32F1xx_HAL_Driver/Src/stm32f1xx_hal_uart.o
                0x00000000080038d4                HAL_UART_TxCpltCallback
 .text.HAL_UART_RxCpltCallback
                0x00000000080038e6       0x12 ./Drivers/STM32F1xx_HAL_Driver/Src/stm32f1xx_hal_uart.o
                0x00000000080038e6                HAL_UART_RxCpltCallback
 .text.HAL_UART_ErrorCallback
                0x00000000080038f8       0x12 ./Drivers/STM32F1xx_HAL_Driver/Src/stm32f1xx_hal_uart.o
                0x00000000080038f8                HAL_UART_ErrorCallback
 .text.HAL_UARTEx_RxEventCallback
                0x000000000800390a       0x16 ./Drivers/STM32F1xx_HAL_Driver/Src/stm32f1xx_hal_uart.o
                0x000000000800390a                HAL_UARTEx_RxEventCallback
 .text.UART_WaitOnFlagUntilTimeout
                0x0000000008003920       0x94 ./Drivers/STM32F1xx_HAL_Driver/Src/stm32f1xx_hal_uart.o
 .text.UART_EndRxTransfer
                0x00000000080039b4       0x58 ./Drivers/STM32F1xx_HAL_Driver/Src/stm32f1xx_hal_uart.o
 .text.UART_DMAAbortOnError
                0x0000000008003a0c       0x28 ./Drivers/STM32F1xx_HAL_Driver/Src/stm32f1xx_hal_uart.o
 .text.UART_Transmit_IT
                0x0000000008003a34       0x9e ./Drivers/STM32F1xx_HAL_Driver/Src/stm32f1xx_hal_uart.o
 .text.UART_EndTransmit_IT
                0x0000000008003ad2       0x30 ./Drivers/STM32F1xx_HAL_Driver/Src/stm32f1xx_hal_uart.o
 .text.UART_Receive_IT
                0x0000000008003b02      0x152 ./Drivers/STM32F1xx_HAL_Driver/Src/stm32f1xx_hal_uart.o
 .text.UART_SetConfig
                0x0000000008003c54      0x11c ./Drivers/STM32F1xx_HAL_Driver/Src/stm32f1xx_hal_uart.o
 .text.__libc_init_array
                0x0000000008003d70       0x48 c:/st/stm32cubeide_1.10.1/stm32cubeide/plugins/com.st.stm32cube.ide.mcu.externaltools.gnu-tools-for-stm32.10.3-2021.10.win32_1.0.0.202111181127/tools/bin/../lib/gcc/arm-none-eabi/10.3.1/../../../../arm-none-eabi/lib/thumb/v7-m/nofp\libc_nano.a(lib_a-init.o)
                0x0000000008003d70                __libc_init_array
 .text.__itoa   0x0000000008003db8       0x30 c:/st/stm32cubeide_1.10.1/stm32cubeide/plugins/com.st.stm32cube.ide.mcu.externaltools.gnu-tools-for-stm32.10.3-2021.10.win32_1.0.0.202111181127/tools/bin/../lib/gcc/arm-none-eabi/10.3.1/../../../../arm-none-eabi/lib/thumb/v7-m/nofp\libc_nano.a(lib_a-itoa.o)
                0x0000000008003db8                __itoa
 .text.itoa     0x0000000008003de8        0x4 c:/st/stm32cubeide_1.10.1/stm32cubeide/plugins/com.st.stm32cube.ide.mcu.externaltools.gnu-tools-for-stm32.10.3-2021.10.win32_1.0.0.202111181127/tools/bin/../lib/gcc/arm-none-eabi/10.3.1/../../../../arm-none-eabi/lib/thumb/v7-m/nofp\libc_nano.a(lib_a-itoa.o)
                0x0000000008003de8                itoa
 .text.memset   0x0000000008003dec       0x10 c:/st/stm32cubeide_1.10.1/stm32cubeide/plugins/com.st.stm32cube.ide.mcu.externaltools.gnu-tools-for-stm32.10.3-2021.10.win32_1.0.0.202111181127/tools/bin/../lib/gcc/arm-none-eabi/10.3.1/../../../../arm-none-eabi/lib/thumb/v7-m/nofp\libc_nano.a(lib_a-memset.o)
                0x0000000008003dec                memset
 .text.__utoa   0x0000000008003dfc       0x84 c:/st/stm32cubeide_1.10.1/stm32cubeide/plugins/com.st.stm32cube.ide.mcu.externaltools.gnu-tools-for-stm32.10.3-2021.10.win32_1.0.0.202111181127/tools/bin/../lib/gcc/arm-none-eabi/10.3.1/../../../../arm-none-eabi/lib/thumb/v7-m/nofp\libc_nano.a(lib_a-utoa.o)
                0x0000000008003dfc                __utoa
 *(.glue_7)
 .glue_7        0x0000000008003e80        0x0 linker stubs
 *(.glue_7t)
 .glue_7t       0x0000000008003e80        0x0 linker stubs
 *(.eh_frame)
 .eh_frame      0x0000000008003e80        0x0 c:/st/stm32cubeide_1.10.1/stm32cubeide/plugins/com.st.stm32cube.ide.mcu.externaltools.gnu-tools-for-stm32.10.3-2021.10.win32_1.0.0.202111181127/tools/bin/../lib/gcc/arm-none-eabi/10.3.1/thumb/v7-m/nofp/crtbegin.o
 *(.init)
 .init          0x0000000008003e80        0x4 c:/st/stm32cubeide_1.10.1/stm32cubeide/plugins/com.st.stm32cube.ide.mcu.externaltools.gnu-tools-for-stm32.10.3-2021.10.win32_1.0.0.202111181127/tools/bin/../lib/gcc/arm-none-eabi/10.3.1/thumb/v7-m/nofp/crti.o
                0x0000000008003e80                _init
 .init          0x0000000008003e84        0x8 c:/st/stm32cubeide_1.10.1/stm32cubeide/plugins/com.st.stm32cube.ide.mcu.externaltools.gnu-tools-for-stm32.10.3-2021.10.win32_1.0.0.202111181127/tools/bin/../lib/gcc/arm-none-eabi/10.3.1/thumb/v7-m/nofp/crtn.o
 *(.fini)
 .fini          0x0000000008003e8c        0x4 c:/st/stm32cubeide_1.10.1/stm32cubeide/plugins/com.st.stm32cube.ide.mcu.externaltools.gnu-tools-for-stm32.10.3-2021.10.win32_1.0.0.202111181127/tools/bin/../lib/gcc/arm-none-eabi/10.3.1/thumb/v7-m/nofp/crti.o
                0x0000000008003e8c                _fini
 .fini          0x0000000008003e90        0x8 c:/st/stm32cubeide_1.10.1/stm32cubeide/plugins/com.st.stm32cube.ide.mcu.externaltools.gnu-tools-for-stm32.10.3-2021.10.win32_1.0.0.202111181127/tools/bin/../lib/gcc/arm-none-eabi/10.3.1/thumb/v7-m/nofp/crtn.o
                0x0000000008003e98                . = ALIGN (0x4)
                0x0000000008003e98                _etext = .

.vfp11_veneer   0x0000000008003e98        0x0
 .vfp11_veneer  0x0000000008003e98        0x0 linker stubs

.v4_bx          0x0000000008003e98        0x0
 .v4_bx         0x0000000008003e98        0x0 linker stubs

.iplt           0x0000000008003e98        0x0
 .iplt          0x0000000008003e98        0x0 c:/st/stm32cubeide_1.10.1/stm32cubeide/plugins/com.st.stm32cube.ide.mcu.externaltools.gnu-tools-for-stm32.10.3-2021.10.win32_1.0.0.202111181127/tools/bin/../lib/gcc/arm-none-eabi/10.3.1/thumb/v7-m/nofp/crtbegin.o

.rodata         0x0000000008003e98       0x50
                0x0000000008003e98                . = ALIGN (0x4)
 *(.rodata)
 .rodata        0x0000000008003e98       0x10 ./Drivers/STM32F1xx_HAL_Driver/Src/stm32f1xx_hal_rcc.o
 *(.rodata*)
 .rodata.AHBPrescTable
                0x0000000008003ea8       0x10 ./Core/Src/system_stm32f1xx.o
                0x0000000008003ea8                AHBPrescTable
 .rodata.APBPrescTable
                0x0000000008003eb8        0x8 ./Core/Src/system_stm32f1xx.o
                0x0000000008003eb8                APBPrescTable
 .rodata.__utoa.str1.1
                0x0000000008003ec0       0x25 c:/st/stm32cubeide_1.10.1/stm32cubeide/plugins/com.st.stm32cube.ide.mcu.externaltools.gnu-tools-for-stm32.10.3-2021.10.win32_1.0.0.202111181127/tools/bin/../lib/gcc/arm-none-eabi/10.3.1/../../../../arm-none-eabi/lib/thumb/v7-m/nofp\libc_nano.a(lib_a-utoa.o)
                0x0000000008003ee8                . = ALIGN (0x4)
 *fill*         0x0000000008003ee5        0x3 

.rel.dyn        0x0000000008003ee8        0x0
 .rel.iplt      0x0000000008003ee8        0x0 c:/st/stm32cubeide_1.10.1/stm32cubeide/plugins/com.st.stm32cube.ide.mcu.externaltools.gnu-tools-for-stm32.10.3-2021.10.win32_1.0.0.202111181127/tools/bin/../lib/gcc/arm-none-eabi/10.3.1/thumb/v7-m/nofp/crtbegin.o

.ARM.extab      0x0000000008003ee8        0x0
                0x0000000008003ee8                . = ALIGN (0x4)
 *(.ARM.extab* .gnu.linkonce.armextab.*)
                0x0000000008003ee8                . = ALIGN (0x4)

.ARM            0x0000000008003ee8        0x0
                0x0000000008003ee8                . = ALIGN (0x4)
                0x0000000008003ee8                __exidx_start = .
 *(.ARM.exidx*)
                0x0000000008003ee8                __exidx_end = .
                0x0000000008003ee8                . = ALIGN (0x4)

.preinit_array  0x0000000008003ee8        0x0
                0x0000000008003ee8                . = ALIGN (0x4)
                0x0000000008003ee8                PROVIDE (__preinit_array_start = .)
 *(.preinit_array*)
                0x0000000008003ee8                PROVIDE (__preinit_array_end = .)
                0x0000000008003ee8                . = ALIGN (0x4)

.init_array     0x0000000008003ee8        0x4
                0x0000000008003ee8                . = ALIGN (0x4)
                0x0000000008003ee8                PROVIDE (__init_array_start = .)
 *(SORT_BY_NAME(.init_array.*))
 *(.init_array*)
 .init_array    0x0000000008003ee8        0x4 c:/st/stm32cubeide_1.10.1/stm32cubeide/plugins/com.st.stm32cube.ide.mcu.externaltools.gnu-tools-for-stm32.10.3-2021.10.win32_1.0.0.202111181127/tools/bin/../lib/gcc/arm-none-eabi/10.3.1/thumb/v7-m/nofp/crtbegin.o
                0x0000000008003eec                PROVIDE (__init_array_end = .)
                0x0000000008003eec                . = ALIGN (0x4)

.fini_array     0x0000000008003eec        0x4
                0x0000000008003eec                . = ALIGN (0x4)
                [!provide]                        PROVIDE (__fini_array_start = .)
 *(SORT_BY_NAME(.fini_array.*))
 *(.fini_array*)
 .fini_array    0x0000000008003eec        0x4 c:/st/stm32cubeide_1.10.1/stm32cubeide/plugins/com.st.stm32cube.ide.mcu.externaltools.gnu-tools-for-stm32.10.3-2021.10.win32_1.0.0.202111181127/tools/bin/../lib/gcc/arm-none-eabi/10.3.1/thumb/v7-m/nofp/crtbegin.o
                [!provide]                        PROVIDE (__fini_array_end = .)
                0x0000000008003ef0                . = ALIGN (0x4)
                0x0000000008003ef0                _sidata = LOADADDR (.data)

.data           0x0000000020000000       0x3c load address 0x0000000008003ef0
                0x0000000020000000                . = ALIGN (0x4)
                0x0000000020000000                _sdata = .
 *(.data)
 *(.data*)
 .data.status_mode
                0x0000000020000000        0x4 ./Core/Src/global.o
                0x0000000020000000                status_mode
 .data.status_pedestrian_mode
                0x0000000020000004        0x4 ./Core/Src/global.o
                0x0000000020000004                status_pedestrian_mode
 .data.led_mode
                0x0000000020000008        0x4 ./Core/Src/global.o
                0x0000000020000008                led_mode
 .data.led_count
                0x000000002000000c        0xc ./Core/Src/global.o
                0x000000002000000c                led_count
 .data.final_led_count
                0x0000000020000018        0xc ./Core/Src/global.o
                0x0000000020000018                final_led_count
 .data.SystemCoreClock
                0x0000000020000024        0x4 ./Core/Src/system_stm32f1xx.o
                0x0000000020000024                SystemCoreClock
 .data.start_str
                0x0000000020000028        0x7 ./Core/Src/uart.o
                0x0000000020000028                start_str
 *fill*         0x000000002000002f        0x1 
 .data.end_str  0x0000000020000030        0x3 ./Core/Src/uart.o
                0x0000000020000030                end_str
 *fill*         0x0000000020000033        0x1 
 .data.uwTickPrio
                0x0000000020000034        0x4 ./Drivers/STM32F1xx_HAL_Driver/Src/stm32f1xx_hal.o
                0x0000000020000034                uwTickPrio
 .data.uwTickFreq
                0x0000000020000038        0x1 ./Drivers/STM32F1xx_HAL_Driver/Src/stm32f1xx_hal.o
                0x0000000020000038                uwTickFreq
 *(.RamFunc)
 *(.RamFunc*)
                0x000000002000003c                . = ALIGN (0x4)
 *fill*         0x0000000020000039        0x3 
                0x000000002000003c                _edata = .

.igot.plt       0x000000002000003c        0x0 load address 0x0000000008003f2c
 .igot.plt      0x000000002000003c        0x0 c:/st/stm32cubeide_1.10.1/stm32cubeide/plugins/com.st.stm32cube.ide.mcu.externaltools.gnu-tools-for-stm32.10.3-2021.10.win32_1.0.0.202111181127/tools/bin/../lib/gcc/arm-none-eabi/10.3.1/thumb/v7-m/nofp/crtbegin.o
                0x000000002000003c                . = ALIGN (0x4)

.bss            0x000000002000003c      0x158 load address 0x0000000008003f2c
                0x000000002000003c                _sbss = .
                0x000000002000003c                __bss_start__ = _sbss
 *(.bss)
 .bss           0x000000002000003c       0x1c c:/st/stm32cubeide_1.10.1/stm32cubeide/plugins/com.st.stm32cube.ide.mcu.externaltools.gnu-tools-for-stm32.10.3-2021.10.win32_1.0.0.202111181127/tools/bin/../lib/gcc/arm-none-eabi/10.3.1/thumb/v7-m/nofp/crtbegin.o
 *(.bss*)
 .bss.control_mode
                0x0000000020000058        0x4 ./Core/Src/global.o
                0x0000000020000058                control_mode
 .bss.state_led
                0x000000002000005c        0x4 ./Core/Src/global.o
                0x000000002000005c                state_led
 .bss.index_led
                0x0000000020000060        0x4 ./Core/Src/global.o
                0x0000000020000060                index_led
 .bss.buttonBuffer
                0x0000000020000064        0x4 ./Core/Src/input_reading.o
 .bss.debounceButtonBuffer1
                0x0000000020000068        0x4 ./Core/Src/input_reading.o
 .bss.debounceButtonBuffer2
                0x000000002000006c        0x4 ./Core/Src/input_reading.o
 .bss.flagForButtonPress1s
                0x0000000020000070        0x4 ./Core/Src/input_reading.o
 .bss.counterForButtonPress1s
                0x0000000020000074        0x8 ./Core/Src/input_reading.o
 .bss.htim2     0x000000002000007c       0x48 ./Core/Src/main.o
                0x000000002000007c                htim2
 .bss.htim3     0x00000000200000c4       0x48 ./Core/Src/main.o
                0x00000000200000c4                htim3
 .bss.huart2    0x000000002000010c       0x44 ./Core/Src/main.o
                0x000000002000010c                huart2
 .bss.timer1_counter
                0x0000000020000150        0x4 ./Core/Src/timer.o
                0x0000000020000150                timer1_counter
 .bss.timer1_flag
                0x0000000020000154        0x4 ./Core/Src/timer.o
                0x0000000020000154                timer1_flag
 .bss.timer2_counter
                0x0000000020000158        0x4 ./Core/Src/timer.o
                0x0000000020000158                timer2_counter
 .bss.timer2_flag
                0x000000002000015c        0x4 ./Core/Src/timer.o
                0x000000002000015c                timer2_flag
 .bss.timer3_counter
                0x0000000020000160        0x4 ./Core/Src/timer.o
                0x0000000020000160                timer3_counter
 .bss.timer3_flag
                0x0000000020000164        0x4 ./Core/Src/timer.o
                0x0000000020000164                timer3_flag
 .bss.timer4_counter
                0x0000000020000168        0x4 ./Core/Src/timer.o
                0x0000000020000168                timer4_counter
 .bss.timer4_flag
                0x000000002000016c        0x4 ./Core/Src/timer.o
                0x000000002000016c                timer4_flag
 .bss.ADC_buffer
                0x0000000020000170       0x1e ./Core/Src/uart.o
                0x0000000020000170                ADC_buffer
 *fill*         0x000000002000018e        0x2 
 .bss.uwTick    0x0000000020000190        0x4 ./Drivers/STM32F1xx_HAL_Driver/Src/stm32f1xx_hal.o
                0x0000000020000190                uwTick
 *(COMMON)
                0x0000000020000194                . = ALIGN (0x4)
                0x0000000020000194                _ebss = .
                0x0000000020000194                __bss_end__ = _ebss

._user_heap_stack
                0x0000000020000194      0x604 load address 0x0000000008003f2c
                0x0000000020000198                . = ALIGN (0x8)
 *fill*         0x0000000020000194        0x4 
                [!provide]                        PROVIDE (end = .)
                0x0000000020000198                PROVIDE (_end = .)
                0x0000000020000398                . = (. + _Min_Heap_Size)
 *fill*         0x0000000020000198      0x200 
                0x0000000020000798                . = (. + _Min_Stack_Size)
 *fill*         0x0000000020000398      0x400 
                0x0000000020000798                . = ALIGN (0x8)

/DISCARD/
 libc.a(*)
 libm.a(*)
 libgcc.a(*)

.ARM.attributes
                0x0000000000000000       0x29
 *(.ARM.attributes)
 .ARM.attributes
                0x0000000000000000       0x1d c:/st/stm32cubeide_1.10.1/stm32cubeide/plugins/com.st.stm32cube.ide.mcu.externaltools.gnu-tools-for-stm32.10.3-2021.10.win32_1.0.0.202111181127/tools/bin/../lib/gcc/arm-none-eabi/10.3.1/thumb/v7-m/nofp/crti.o
 .ARM.attributes
                0x000000000000001d       0x2d c:/st/stm32cubeide_1.10.1/stm32cubeide/plugins/com.st.stm32cube.ide.mcu.externaltools.gnu-tools-for-stm32.10.3-2021.10.win32_1.0.0.202111181127/tools/bin/../lib/gcc/arm-none-eabi/10.3.1/thumb/v7-m/nofp/crtbegin.o
 .ARM.attributes
                0x000000000000004a       0x2d ./Core/Src/global.o
 .ARM.attributes
                0x0000000000000077       0x2d ./Core/Src/input_processing.o
 .ARM.attributes
                0x00000000000000a4       0x2d ./Core/Src/input_reading.o
 .ARM.attributes
                0x00000000000000d1       0x2d ./Core/Src/main.o
 .ARM.attributes
                0x00000000000000fe       0x2d ./Core/Src/stm32f1xx_hal_msp.o
 .ARM.attributes
                0x000000000000012b       0x2d ./Core/Src/stm32f1xx_it.o
 .ARM.attributes
                0x0000000000000158       0x2d ./Core/Src/system_stm32f1xx.o
 .ARM.attributes
                0x0000000000000185       0x2d ./Core/Src/timer.o
 .ARM.attributes
                0x00000000000001b2       0x2d ./Core/Src/uart.o
 .ARM.attributes
                0x00000000000001df       0x21 ./Core/Startup/startup_stm32f103rbtx.o
 .ARM.attributes
                0x0000000000000200       0x2d ./Drivers/STM32F1xx_HAL_Driver/Src/stm32f1xx_hal.o
 .ARM.attributes
                0x000000000000022d       0x2d ./Drivers/STM32F1xx_HAL_Driver/Src/stm32f1xx_hal_cortex.o
 .ARM.attributes
                0x000000000000025a       0x2d ./Drivers/STM32F1xx_HAL_Driver/Src/stm32f1xx_hal_dma.o
 .ARM.attributes
                0x0000000000000287       0x2d ./Drivers/STM32F1xx_HAL_Driver/Src/stm32f1xx_hal_gpio.o
 .ARM.attributes
                0x00000000000002b4       0x2d ./Drivers/STM32F1xx_HAL_Driver/Src/stm32f1xx_hal_rcc.o
 .ARM.attributes
                0x00000000000002e1       0x2d ./Drivers/STM32F1xx_HAL_Driver/Src/stm32f1xx_hal_tim.o
 .ARM.attributes
                0x000000000000030e       0x2d ./Drivers/STM32F1xx_HAL_Driver/Src/stm32f1xx_hal_tim_ex.o
 .ARM.attributes
                0x000000000000033b       0x2d ./Drivers/STM32F1xx_HAL_Driver/Src/stm32f1xx_hal_uart.o
 .ARM.attributes
                0x0000000000000368       0x2d c:/st/stm32cubeide_1.10.1/stm32cubeide/plugins/com.st.stm32cube.ide.mcu.externaltools.gnu-tools-for-stm32.10.3-2021.10.win32_1.0.0.202111181127/tools/bin/../lib/gcc/arm-none-eabi/10.3.1/../../../../arm-none-eabi/lib/thumb/v7-m/nofp\libc_nano.a(lib_a-init.o)
 .ARM.attributes
                0x0000000000000395       0x2d c:/st/stm32cubeide_1.10.1/stm32cubeide/plugins/com.st.stm32cube.ide.mcu.externaltools.gnu-tools-for-stm32.10.3-2021.10.win32_1.0.0.202111181127/tools/bin/../lib/gcc/arm-none-eabi/10.3.1/../../../../arm-none-eabi/lib/thumb/v7-m/nofp\libc_nano.a(lib_a-itoa.o)
 .ARM.attributes
                0x00000000000003c2       0x2d c:/st/stm32cubeide_1.10.1/stm32cubeide/plugins/com.st.stm32cube.ide.mcu.externaltools.gnu-tools-for-stm32.10.3-2021.10.win32_1.0.0.202111181127/tools/bin/../lib/gcc/arm-none-eabi/10.3.1/../../../../arm-none-eabi/lib/thumb/v7-m/nofp\libc_nano.a(lib_a-memset.o)
 .ARM.attributes
                0x00000000000003ef       0x2d c:/st/stm32cubeide_1.10.1/stm32cubeide/plugins/com.st.stm32cube.ide.mcu.externaltools.gnu-tools-for-stm32.10.3-2021.10.win32_1.0.0.202111181127/tools/bin/../lib/gcc/arm-none-eabi/10.3.1/../../../../arm-none-eabi/lib/thumb/v7-m/nofp\libc_nano.a(lib_a-utoa.o)
 .ARM.attributes
                0x000000000000041c       0x1d c:/st/stm32cubeide_1.10.1/stm32cubeide/plugins/com.st.stm32cube.ide.mcu.externaltools.gnu-tools-for-stm32.10.3-2021.10.win32_1.0.0.202111181127/tools/bin/../lib/gcc/arm-none-eabi/10.3.1/thumb/v7-m/nofp/crtn.o
OUTPUT(projectFinal.elf elf32-littlearm)
LOAD linker stubs
LOAD c:/st/stm32cubeide_1.10.1/stm32cubeide/plugins/com.st.stm32cube.ide.mcu.externaltools.gnu-tools-for-stm32.10.3-2021.10.win32_1.0.0.202111181127/tools/bin/../lib/gcc/arm-none-eabi/10.3.1/../../../../arm-none-eabi/lib/thumb/v7-m/nofp\libc.a
LOAD c:/st/stm32cubeide_1.10.1/stm32cubeide/plugins/com.st.stm32cube.ide.mcu.externaltools.gnu-tools-for-stm32.10.3-2021.10.win32_1.0.0.202111181127/tools/bin/../lib/gcc/arm-none-eabi/10.3.1/../../../../arm-none-eabi/lib/thumb/v7-m/nofp\libm.a
LOAD c:/st/stm32cubeide_1.10.1/stm32cubeide/plugins/com.st.stm32cube.ide.mcu.externaltools.gnu-tools-for-stm32.10.3-2021.10.win32_1.0.0.202111181127/tools/bin/../lib/gcc/arm-none-eabi/10.3.1/thumb/v7-m/nofp\libgcc.a

.debug_info     0x0000000000000000     0xbbe5
 .debug_info    0x0000000000000000      0x154 ./Core/Src/global.o
 .debug_info    0x0000000000000154      0x8e4 ./Core/Src/input_processing.o
 .debug_info    0x0000000000000a38      0x264 ./Core/Src/input_reading.o
 .debug_info    0x0000000000000c9c     0x10a1 ./Core/Src/main.o
 .debug_info    0x0000000000001d3d      0xded ./Core/Src/stm32f1xx_hal_msp.o
 .debug_info    0x0000000000002b2a      0x9a7 ./Core/Src/stm32f1xx_it.o
 .debug_info    0x00000000000034d1      0x23d ./Core/Src/system_stm32f1xx.o
 .debug_info    0x000000000000370e      0x186 ./Core/Src/timer.o
 .debug_info    0x0000000000003894      0x65e ./Core/Src/uart.o
 .debug_info    0x0000000000003ef2       0x22 ./Core/Startup/startup_stm32f103rbtx.o
 .debug_info    0x0000000000003f14      0x734 ./Drivers/STM32F1xx_HAL_Driver/Src/stm32f1xx_hal.o
 .debug_info    0x0000000000004648      0xb20 ./Drivers/STM32F1xx_HAL_Driver/Src/stm32f1xx_hal_cortex.o
 .debug_info    0x0000000000005168      0x73f ./Drivers/STM32F1xx_HAL_Driver/Src/stm32f1xx_hal_dma.o
 .debug_info    0x00000000000058a7      0x615 ./Drivers/STM32F1xx_HAL_Driver/Src/stm32f1xx_hal_gpio.o
 .debug_info    0x0000000000005ebc      0x860 ./Drivers/STM32F1xx_HAL_Driver/Src/stm32f1xx_hal_rcc.o
 .debug_info    0x000000000000671c     0x29de ./Drivers/STM32F1xx_HAL_Driver/Src/stm32f1xx_hal_tim.o
 .debug_info    0x00000000000090fa     0x1513 ./Drivers/STM32F1xx_HAL_Driver/Src/stm32f1xx_hal_tim_ex.o
 .debug_info    0x000000000000a60d     0x15d8 ./Drivers/STM32F1xx_HAL_Driver/Src/stm32f1xx_hal_uart.o

.debug_abbrev   0x0000000000000000     0x1ff0
 .debug_abbrev  0x0000000000000000       0x5d ./Core/Src/global.o
 .debug_abbrev  0x000000000000005d      0x1e5 ./Core/Src/input_processing.o
 .debug_abbrev  0x0000000000000242      0x14c ./Core/Src/input_reading.o
 .debug_abbrev  0x000000000000038e      0x305 ./Core/Src/main.o
 .debug_abbrev  0x0000000000000693      0x1c5 ./Core/Src/stm32f1xx_hal_msp.o
 .debug_abbrev  0x0000000000000858      0x184 ./Core/Src/stm32f1xx_it.o
 .debug_abbrev  0x00000000000009dc      0x13b ./Core/Src/system_stm32f1xx.o
 .debug_abbrev  0x0000000000000b17       0xc3 ./Core/Src/timer.o
 .debug_abbrev  0x0000000000000bda      0x181 ./Core/Src/uart.o
 .debug_abbrev  0x0000000000000d5b       0x12 ./Core/Startup/startup_stm32f103rbtx.o
 .debug_abbrev  0x0000000000000d6d      0x1fb ./Drivers/STM32F1xx_HAL_Driver/Src/stm32f1xx_hal.o
 .debug_abbrev  0x0000000000000f68      0x2ed ./Drivers/STM32F1xx_HAL_Driver/Src/stm32f1xx_hal_cortex.o
 .debug_abbrev  0x0000000000001255      0x1fe ./Drivers/STM32F1xx_HAL_Driver/Src/stm32f1xx_hal_dma.o
 .debug_abbrev  0x0000000000001453      0x1bb ./Drivers/STM32F1xx_HAL_Driver/Src/stm32f1xx_hal_gpio.o
 .debug_abbrev  0x000000000000160e      0x2a8 ./Drivers/STM32F1xx_HAL_Driver/Src/stm32f1xx_hal_rcc.o
 .debug_abbrev  0x00000000000018b6      0x25d ./Drivers/STM32F1xx_HAL_Driver/Src/stm32f1xx_hal_tim.o
 .debug_abbrev  0x0000000000001b13      0x265 ./Drivers/STM32F1xx_HAL_Driver/Src/stm32f1xx_hal_tim_ex.o
 .debug_abbrev  0x0000000000001d78      0x278 ./Drivers/STM32F1xx_HAL_Driver/Src/stm32f1xx_hal_uart.o

.debug_aranges  0x0000000000000000      0xd00
 .debug_aranges
                0x0000000000000000       0x18 ./Core/Src/global.o
 .debug_aranges
                0x0000000000000018       0x78 ./Core/Src/input_processing.o
 .debug_aranges
                0x0000000000000090       0x28 ./Core/Src/input_reading.o
 .debug_aranges
                0x00000000000000b8       0x58 ./Core/Src/main.o
 .debug_aranges
                0x0000000000000110       0x48 ./Core/Src/stm32f1xx_hal_msp.o
 .debug_aranges
                0x0000000000000158       0x78 ./Core/Src/stm32f1xx_it.o
 .debug_aranges
                0x00000000000001d0       0x28 ./Core/Src/system_stm32f1xx.o
 .debug_aranges
                0x00000000000001f8       0x40 ./Core/Src/timer.o
 .debug_aranges
                0x0000000000000238       0x20 ./Core/Src/uart.o
 .debug_aranges
                0x0000000000000258       0x28 ./Core/Startup/startup_stm32f103rbtx.o
 .debug_aranges
                0x0000000000000280       0xe0 ./Drivers/STM32F1xx_HAL_Driver/Src/stm32f1xx_hal.o
 .debug_aranges
                0x0000000000000360      0x100 ./Drivers/STM32F1xx_HAL_Driver/Src/stm32f1xx_hal_cortex.o
 .debug_aranges
                0x0000000000000460       0x80 ./Drivers/STM32F1xx_HAL_Driver/Src/stm32f1xx_hal_dma.o
 .debug_aranges
                0x00000000000004e0       0x58 ./Drivers/STM32F1xx_HAL_Driver/Src/stm32f1xx_hal_gpio.o
 .debug_aranges
                0x0000000000000538       0x90 ./Drivers/STM32F1xx_HAL_Driver/Src/stm32f1xx_hal_rcc.o
 .debug_aranges
                0x00000000000005c8      0x3d0 ./Drivers/STM32F1xx_HAL_Driver/Src/stm32f1xx_hal_tim.o
 .debug_aranges
                0x0000000000000998      0x168 ./Drivers/STM32F1xx_HAL_Driver/Src/stm32f1xx_hal_tim_ex.o
 .debug_aranges
                0x0000000000000b00      0x200 ./Drivers/STM32F1xx_HAL_Driver/Src/stm32f1xx_hal_uart.o

.debug_macro    0x0000000000000000    0x173fe
 .debug_macro   0x0000000000000000       0x1a ./Core/Src/global.o
 .debug_macro   0x000000000000001a      0xa6c ./Core/Src/global.o
 .debug_macro   0x0000000000000a86       0x46 ./Core/Src/global.o
 .debug_macro   0x0000000000000acc      0x1e3 ./Core/Src/input_processing.o
 .debug_macro   0x0000000000000caf      0x21b ./Core/Src/input_processing.o
 .debug_macro   0x0000000000000eca       0x2e ./Core/Src/input_processing.o
 .debug_macro   0x0000000000000ef8       0x22 ./Core/Src/input_processing.o
 .debug_macro   0x0000000000000f1a       0x22 ./Core/Src/input_processing.o
 .debug_macro   0x0000000000000f3c       0x8e ./Core/Src/input_processing.o
 .debug_macro   0x0000000000000fca       0x51 ./Core/Src/input_processing.o
 .debug_macro   0x000000000000101b      0x103 ./Core/Src/input_processing.o
 .debug_macro   0x000000000000111e       0x6a ./Core/Src/input_processing.o
 .debug_macro   0x0000000000001188      0x1df ./Core/Src/input_processing.o
 .debug_macro   0x0000000000001367       0x1c ./Core/Src/input_processing.o
 .debug_macro   0x0000000000001383       0x22 ./Core/Src/input_processing.o
 .debug_macro   0x00000000000013a5       0xbd ./Core/Src/input_processing.o
 .debug_macro   0x0000000000001462      0xd23 ./Core/Src/input_processing.o
 .debug_macro   0x0000000000002185     0xe09e ./Core/Src/input_processing.o
 .debug_macro   0x0000000000010223       0x6d ./Core/Src/input_processing.o
 .debug_macro   0x0000000000010290     0x3468 ./Core/Src/input_processing.o
 .debug_macro   0x00000000000136f8      0x174 ./Core/Src/input_processing.o
 .debug_macro   0x000000000001386c       0x5c ./Core/Src/input_processing.o
 .debug_macro   0x00000000000138c8      0x5be ./Core/Src/input_processing.o
 .debug_macro   0x0000000000013e86      0x289 ./Core/Src/input_processing.o
 .debug_macro   0x000000000001410f      0x1cb ./Core/Src/input_processing.o
 .debug_macro   0x00000000000142da      0x114 ./Core/Src/input_processing.o
 .debug_macro   0x00000000000143ee      0x1b2 ./Core/Src/input_processing.o
 .debug_macro   0x00000000000145a0       0x27 ./Core/Src/input_processing.o
 .debug_macro   0x00000000000145c7      0x136 ./Core/Src/input_processing.o
 .debug_macro   0x00000000000146fd      0x1bc ./Core/Src/input_processing.o
 .debug_macro   0x00000000000148b9       0x34 ./Core/Src/input_processing.o
 .debug_macro   0x00000000000148ed       0x3c ./Core/Src/input_processing.o
 .debug_macro   0x0000000000014929       0x57 ./Core/Src/input_processing.o
 .debug_macro   0x0000000000014980       0x88 ./Core/Src/input_processing.o
 .debug_macro   0x0000000000014a08      0x241 ./Core/Src/input_processing.o
 .debug_macro   0x0000000000014c49      0x141 ./Core/Src/input_processing.o
 .debug_macro   0x0000000000014d8a      0x8d1 ./Core/Src/input_processing.o
 .debug_macro   0x000000000001565b      0x279 ./Core/Src/input_processing.o
 .debug_macro   0x00000000000158d4       0x83 ./Core/Src/input_processing.o
 .debug_macro   0x0000000000015957      0x130 ./Core/Src/input_processing.o
 .debug_macro   0x0000000000015a87      0x1ca ./Core/Src/input_reading.o
 .debug_macro   0x0000000000015c51      0x1d9 ./Core/Src/main.o
 .debug_macro   0x0000000000015e2a      0x1b2 ./Core/Src/stm32f1xx_hal_msp.o
 .debug_macro   0x0000000000015fdc      0x1bc ./Core/Src/stm32f1xx_it.o
 .debug_macro   0x0000000000016198      0x1a3 ./Core/Src/system_stm32f1xx.o
 .debug_macro   0x000000000001633b       0x1b ./Core/Src/timer.o
 .debug_macro   0x0000000000016356      0x29b ./Core/Src/uart.o
 .debug_macro   0x00000000000165f1       0x52 ./Core/Src/uart.o
 .debug_macro   0x0000000000016643      0x1c7 ./Drivers/STM32F1xx_HAL_Driver/Src/stm32f1xx_hal.o
 .debug_macro   0x000000000001680a      0x1a3 ./Drivers/STM32F1xx_HAL_Driver/Src/stm32f1xx_hal_cortex.o
 .debug_macro   0x00000000000169ad      0x1a3 ./Drivers/STM32F1xx_HAL_Driver/Src/stm32f1xx_hal_dma.o
 .debug_macro   0x0000000000016b50      0x20e ./Drivers/STM32F1xx_HAL_Driver/Src/stm32f1xx_hal_gpio.o
 .debug_macro   0x0000000000016d5e      0x1b5 ./Drivers/STM32F1xx_HAL_Driver/Src/stm32f1xx_hal_rcc.o
 .debug_macro   0x0000000000016f13      0x1a4 ./Drivers/STM32F1xx_HAL_Driver/Src/stm32f1xx_hal_tim.o
 .debug_macro   0x00000000000170b7      0x1a3 ./Drivers/STM32F1xx_HAL_Driver/Src/stm32f1xx_hal_tim_ex.o
 .debug_macro   0x000000000001725a      0x1a4 ./Drivers/STM32F1xx_HAL_Driver/Src/stm32f1xx_hal_uart.o

.debug_line     0x0000000000000000     0xd753
 .debug_line    0x0000000000000000       0x4d ./Core/Src/global.o
 .debug_line    0x000000000000004d      0xac3 ./Core/Src/input_processing.o
 .debug_line    0x0000000000000b10      0x710 ./Core/Src/input_reading.o
 .debug_line    0x0000000000001220      0x896 ./Core/Src/main.o
 .debug_line    0x0000000000001ab6      0x752 ./Core/Src/stm32f1xx_hal_msp.o
 .debug_line    0x0000000000002208      0x77c ./Core/Src/stm32f1xx_it.o
 .debug_line    0x0000000000002984      0x6f0 ./Core/Src/system_stm32f1xx.o
 .debug_line    0x0000000000003074       0xfa ./Core/Src/timer.o
 .debug_line    0x000000000000316e      0x7d8 ./Core/Src/uart.o
 .debug_line    0x0000000000003946       0x87 ./Core/Startup/startup_stm32f103rbtx.o
 .debug_line    0x00000000000039cd      0x91d ./Drivers/STM32F1xx_HAL_Driver/Src/stm32f1xx_hal.o
 .debug_line    0x00000000000042ea      0xb05 ./Drivers/STM32F1xx_HAL_Driver/Src/stm32f1xx_hal_cortex.o
 .debug_line    0x0000000000004def      0xd75 ./Drivers/STM32F1xx_HAL_Driver/Src/stm32f1xx_hal_dma.o
 .debug_line    0x0000000000005b64      0x9b4 ./Drivers/STM32F1xx_HAL_Driver/Src/stm32f1xx_hal_gpio.o
 .debug_line    0x0000000000006518      0xd2b ./Drivers/STM32F1xx_HAL_Driver/Src/stm32f1xx_hal_rcc.o
 .debug_line    0x0000000000007243     0x32d3 ./Drivers/STM32F1xx_HAL_Driver/Src/stm32f1xx_hal_tim.o
 .debug_line    0x000000000000a516     0x1845 ./Drivers/STM32F1xx_HAL_Driver/Src/stm32f1xx_hal_tim_ex.o
 .debug_line    0x000000000000bd5b     0x19f8 ./Drivers/STM32F1xx_HAL_Driver/Src/stm32f1xx_hal_uart.o

.debug_str      0x0000000000000000    0x89b1a
 .debug_str     0x0000000000000000     0x2da1 ./Core/Src/global.o
                                       0x2db8 (size before relaxing)
 .debug_str     0x0000000000002da1    0x80cf0 ./Core/Src/input_processing.o
                                      0x83e6b (size before relaxing)
 .debug_str     0x0000000000083a91      0x112 ./Core/Src/input_reading.o
                                      0x8384e (size before relaxing)
 .debug_str     0x0000000000083ba3      0x65d ./Core/Src/main.o
                                      0x843fa (size before relaxing)
 .debug_str     0x0000000000084200      0x374 ./Core/Src/stm32f1xx_hal_msp.o
                                      0x84202 (size before relaxing)
 .debug_str     0x0000000000084574      0x122 ./Core/Src/stm32f1xx_it.o
                                      0x83ea2 (size before relaxing)
 .debug_str     0x0000000000084696       0x7e ./Core/Src/system_stm32f1xx.o
                                      0x832be (size before relaxing)
 .debug_str     0x0000000000084714       0x7b ./Core/Src/timer.o
                                       0x2d44 (size before relaxing)
 .debug_str     0x000000000008478f     0x2ec1 ./Core/Src/uart.o
                                      0x86a79 (size before relaxing)
 .debug_str     0x0000000000087650       0x36 ./Core/Startup/startup_stm32f103rbtx.o
                                         0x6d (size before relaxing)
 .debug_str     0x0000000000087686      0x38e ./Drivers/STM32F1xx_HAL_Driver/Src/stm32f1xx_hal.o
                                      0x839f1 (size before relaxing)
 .debug_str     0x0000000000087a14      0x294 ./Drivers/STM32F1xx_HAL_Driver/Src/stm32f1xx_hal_cortex.o
                                      0x8393d (size before relaxing)
 .debug_str     0x0000000000087ca8      0x235 ./Drivers/STM32F1xx_HAL_Driver/Src/stm32f1xx_hal_dma.o
                                      0x83667 (size before relaxing)
 .debug_str     0x0000000000087edd      0x2bd ./Drivers/STM32F1xx_HAL_Driver/Src/stm32f1xx_hal_gpio.o
                                      0x83644 (size before relaxing)
 .debug_str     0x000000000008819a      0x229 ./Drivers/STM32F1xx_HAL_Driver/Src/stm32f1xx_hal_rcc.o
                                      0x836ed (size before relaxing)
 .debug_str     0x00000000000883c3      0xd0b ./Drivers/STM32F1xx_HAL_Driver/Src/stm32f1xx_hal_tim.o
                                      0x846d8 (size before relaxing)
 .debug_str     0x00000000000890ce      0x493 ./Drivers/STM32F1xx_HAL_Driver/Src/stm32f1xx_hal_tim_ex.o
                                      0x83ef4 (size before relaxing)
 .debug_str     0x0000000000089561      0x5b9 ./Drivers/STM32F1xx_HAL_Driver/Src/stm32f1xx_hal_uart.o
                                      0x83cf8 (size before relaxing)

.comment        0x0000000000000000       0x50
 .comment       0x0000000000000000       0x50 ./Core/Src/global.o
                                         0x51 (size before relaxing)
 .comment       0x0000000000000050       0x51 ./Core/Src/input_processing.o
 .comment       0x0000000000000050       0x51 ./Core/Src/input_reading.o
 .comment       0x0000000000000050       0x51 ./Core/Src/main.o
 .comment       0x0000000000000050       0x51 ./Core/Src/stm32f1xx_hal_msp.o
 .comment       0x0000000000000050       0x51 ./Core/Src/stm32f1xx_it.o
 .comment       0x0000000000000050       0x51 ./Core/Src/system_stm32f1xx.o
 .comment       0x0000000000000050       0x51 ./Core/Src/timer.o
 .comment       0x0000000000000050       0x51 ./Core/Src/uart.o
 .comment       0x0000000000000050       0x51 ./Drivers/STM32F1xx_HAL_Driver/Src/stm32f1xx_hal.o
 .comment       0x0000000000000050       0x51 ./Drivers/STM32F1xx_HAL_Driver/Src/stm32f1xx_hal_cortex.o
 .comment       0x0000000000000050       0x51 ./Drivers/STM32F1xx_HAL_Driver/Src/stm32f1xx_hal_dma.o
 .comment       0x0000000000000050       0x51 ./Drivers/STM32F1xx_HAL_Driver/Src/stm32f1xx_hal_gpio.o
 .comment       0x0000000000000050       0x51 ./Drivers/STM32F1xx_HAL_Driver/Src/stm32f1xx_hal_rcc.o
 .comment       0x0000000000000050       0x51 ./Drivers/STM32F1xx_HAL_Driver/Src/stm32f1xx_hal_tim.o
 .comment       0x0000000000000050       0x51 ./Drivers/STM32F1xx_HAL_Driver/Src/stm32f1xx_hal_tim_ex.o
 .comment       0x0000000000000050       0x51 ./Drivers/STM32F1xx_HAL_Driver/Src/stm32f1xx_hal_uart.o

.debug_ranges   0x0000000000000000      0xc10
 .debug_ranges  0x0000000000000000       0x68 ./Core/Src/input_processing.o
 .debug_ranges  0x0000000000000068       0x18 ./Core/Src/input_reading.o
 .debug_ranges  0x0000000000000080       0x48 ./Core/Src/main.o
 .debug_ranges  0x00000000000000c8       0x38 ./Core/Src/stm32f1xx_hal_msp.o
 .debug_ranges  0x0000000000000100       0x68 ./Core/Src/stm32f1xx_it.o
 .debug_ranges  0x0000000000000168       0x18 ./Core/Src/system_stm32f1xx.o
 .debug_ranges  0x0000000000000180       0x30 ./Core/Src/timer.o
 .debug_ranges  0x00000000000001b0       0x10 ./Core/Src/uart.o
 .debug_ranges  0x00000000000001c0       0x20 ./Core/Startup/startup_stm32f103rbtx.o
 .debug_ranges  0x00000000000001e0       0xd0 ./Drivers/STM32F1xx_HAL_Driver/Src/stm32f1xx_hal.o
 .debug_ranges  0x00000000000002b0       0xf0 ./Drivers/STM32F1xx_HAL_Driver/Src/stm32f1xx_hal_cortex.o
 .debug_ranges  0x00000000000003a0       0x70 ./Drivers/STM32F1xx_HAL_Driver/Src/stm32f1xx_hal_dma.o
 .debug_ranges  0x0000000000000410       0x48 ./Drivers/STM32F1xx_HAL_Driver/Src/stm32f1xx_hal_gpio.o
 .debug_ranges  0x0000000000000458       0x80 ./Drivers/STM32F1xx_HAL_Driver/Src/stm32f1xx_hal_rcc.o
 .debug_ranges  0x00000000000004d8      0x3c0 ./Drivers/STM32F1xx_HAL_Driver/Src/stm32f1xx_hal_tim.o
 .debug_ranges  0x0000000000000898      0x158 ./Drivers/STM32F1xx_HAL_Driver/Src/stm32f1xx_hal_tim_ex.o
 .debug_ranges  0x00000000000009f0      0x220 ./Drivers/STM32F1xx_HAL_Driver/Src/stm32f1xx_hal_uart.o

.debug_frame    0x0000000000000000     0x352c
 .debug_frame   0x0000000000000000      0x180 ./Core/Src/input_processing.o
 .debug_frame   0x0000000000000180       0x5c ./Core/Src/input_reading.o
 .debug_frame   0x00000000000001dc      0x114 ./Core/Src/main.o
 .debug_frame   0x00000000000002f0       0xec ./Core/Src/stm32f1xx_hal_msp.o
 .debug_frame   0x00000000000003dc      0x158 ./Core/Src/stm32f1xx_it.o
 .debug_frame   0x0000000000000534       0x58 ./Core/Src/system_stm32f1xx.o
 .debug_frame   0x000000000000058c       0xd0 ./Core/Src/timer.o
 .debug_frame   0x000000000000065c       0x34 ./Core/Src/uart.o
 .debug_frame   0x0000000000000690      0x334 ./Drivers/STM32F1xx_HAL_Driver/Src/stm32f1xx_hal.o
 .debug_frame   0x00000000000009c4      0x428 ./Drivers/STM32F1xx_HAL_Driver/Src/stm32f1xx_hal_cortex.o
 .debug_frame   0x0000000000000dec      0x208 ./Drivers/STM32F1xx_HAL_Driver/Src/stm32f1xx_hal_dma.o
 .debug_frame   0x0000000000000ff4      0x14c ./Drivers/STM32F1xx_HAL_Driver/Src/stm32f1xx_hal_gpio.o
 .debug_frame   0x0000000000001140      0x21c ./Drivers/STM32F1xx_HAL_Driver/Src/stm32f1xx_hal_rcc.o
 .debug_frame   0x000000000000135c     0x11b8 ./Drivers/STM32F1xx_HAL_Driver/Src/stm32f1xx_hal_tim.o
 .debug_frame   0x0000000000002514      0x638 ./Drivers/STM32F1xx_HAL_Driver/Src/stm32f1xx_hal_tim_ex.o
 .debug_frame   0x0000000000002b4c      0x914 ./Drivers/STM32F1xx_HAL_Driver/Src/stm32f1xx_hal_uart.o
 .debug_frame   0x0000000000003460       0x2c c:/st/stm32cubeide_1.10.1/stm32cubeide/plugins/com.st.stm32cube.ide.mcu.externaltools.gnu-tools-for-stm32.10.3-2021.10.win32_1.0.0.202111181127/tools/bin/../lib/gcc/arm-none-eabi/10.3.1/../../../../arm-none-eabi/lib/thumb/v7-m/nofp\libc_nano.a(lib_a-init.o)
 .debug_frame   0x000000000000348c       0x38 c:/st/stm32cubeide_1.10.1/stm32cubeide/plugins/com.st.stm32cube.ide.mcu.externaltools.gnu-tools-for-stm32.10.3-2021.10.win32_1.0.0.202111181127/tools/bin/../lib/gcc/arm-none-eabi/10.3.1/../../../../arm-none-eabi/lib/thumb/v7-m/nofp\libc_nano.a(lib_a-itoa.o)
 .debug_frame   0x00000000000034c4       0x20 c:/st/stm32cubeide_1.10.1/stm32cubeide/plugins/com.st.stm32cube.ide.mcu.externaltools.gnu-tools-for-stm32.10.3-2021.10.win32_1.0.0.202111181127/tools/bin/../lib/gcc/arm-none-eabi/10.3.1/../../../../arm-none-eabi/lib/thumb/v7-m/nofp\libc_nano.a(lib_a-memset.o)
 .debug_frame   0x00000000000034e4       0x48 c:/st/stm32cubeide_1.10.1/stm32cubeide/plugins/com.st.stm32cube.ide.mcu.externaltools.gnu-tools-for-stm32.10.3-2021.10.win32_1.0.0.202111181127/tools/bin/../lib/gcc/arm-none-eabi/10.3.1/../../../../arm-none-eabi/lib/thumb/v7-m/nofp\libc_nano.a(lib_a-utoa.o)
